Microchip MPLAB XC8 Compiler V2.40

Linker command line:

-W-3 \
  --edf=C:\Program Files\Microchip\xc8\v2.40\pic\dat\20220703182018_en.msgs \
  -cn -h+dist/default/production\MASTER.production.sym \
  --cmf=dist/default/production\MASTER.production.cmf -z -Q18F4620 \
  -oC:\Users\MOUSTAFA\AppData\Local\Temp\xcAs3r4.5 --defsym=__MPLAB_BUILD=1 \
  --fixupoverflow=error -Mdist/default/production/MASTER.production.map \
  --md=C:\Users\MOUSTAFA\AppData\Local\Temp\xcAs3r4.dat -E1 \
  -ver=XC8 Compiler --acfsm=1493 -ACODE=00h-0FFFFh -ACONST=00h-0FFFFh \
  -ASMALLCONST=01000h-010FFhx240 -AMEDIUMCONST=01000h-0FFFFh \
  -ACOMRAM=01h-07Fh -AABS1=00h-0F7Fh -ABIGRAM=01h-0F7Fh \
  -ARAM=080h-0FFh,0100h-01FFhx14,0F00h-0F7Fh -ABANK0=080h-0FFh \
  -ABANK1=0100h-01FFh -ABANK2=0200h-02FFh -ABANK3=0300h-03FFh \
  -ABANK4=0400h-04FFh -ABANK5=0500h-05FFh -ABANK6=0600h-06FFh \
  -ABANK7=0700h-07FFh -ABANK8=0800h-08FFh -ABANK9=0900h-09FFh \
  -ABANK10=0A00h-0AFFh -ABANK11=0B00h-0BFFh -ABANK12=0C00h-0CFFh \
  -ABANK13=0D00h-0DFFh -ABANK14=0E00h-0EFFh -ABANK15=0F00h-0F7Fh \
  -ASFR=0F80h-0FFFh -ABIGSFR=0F80h-0FFFh -ACONFIG=0300000h-030000Dh \
  -AIDLOC=0200000h-0200007h -AEEDATA=0F00000h-0F003FFh -peeprom_data=EEDATA \
  -preset_vec=00h,intcode=08h,intcodelo,powerup,init -pramtop=01000h \
  -psmallconst=SMALLCONST -pmediumconst=MEDIUMCONST -pconst=CONST \
  -AFARRAM=00h-00h \
  -prdata=COMRAM,nvrram=COMRAM,nvbit=COMRAM,rbss=COMRAM,rbit=COMRAM \
  -pfarbss=FARRAM,fardata=FARRAM,nvFARRAM=FARRAM \
  -pintsave_regs=BIGRAM,bigbss=BIGRAM,bigdata=BIGRAM -pbss=RAM \
  -pidata=CODE,irdata=CODE,ibigdata=CODE,ifardata=CODE -prparam=COMRAM \
  C:\Users\MOUSTAFA\AppData\Local\Temp\xcAs3r4.o \
  dist/default/production\MASTER.production.o 

Object code version is 3.11

Machine type is 18F4620



                Name                               Link     Load   Length Selector   Space Scale
C:\Users\MOUSTAFA\AppData\Local\Temp\xcAs3r4.o
                idloc                            200000   200000        8        0       5
                config                           300000   300000        E        0       4
                init                                  E        E        4        4       0
                reset_vec                             0        0        4        0       0
dist/default/production\MASTER.production.o
                intcode                               8        8        6        4       0
                idloc                            200000   200000        8        0       5
                config                           300000   300000        E        0       4
                temp                                 68       68        1        1       1
                mediumconst                        FE04     FE04      1FC     7F02       0
                text48                             2AD4     2AD4        4        4       0
                text47                             2ACE     2ACE        6        4       0
                text46                             29F4     29F4       36        4       0
                text45                             2AC8     2AC8        6        4       0
                text44                             29BE     29BE       36        4       0
                intcode_body                       21CE     21CE       76        4       0
                text42                             15E8     15E8      144        4       0
                text41                             172C     172C      12C        4       0
                text40                             246E     246E       62        4       0
                text39                             1978     1978      118        4       0
                text38                             2948     2948       3E        4       0
                text37                             290A     290A       3E        4       0
                text36                             28CC     28CC       3E        4       0
                text35                             268C     268C       54        4       0
                text34                             239A     239A       72        4       0
                text33                             2A94     2A94       1C        4       0
                text32                             288E     288E       3E        4       0
                text31                             1FEC     1FEC       7E        4       0
                text30                             2850     2850       3E        4       0
                text29                             1D0E     1D0E       B8        4       0
                text28                             206A     206A       78        4       0
                text27                             2732     2732       50        4       0
                text26                             1E60     1E60       88        4       0
                text25                             2328     2328       72        4       0
                text24                             1858     1858      120        4       0
                text23                             22B6     22B6       72        4       0
                text22                             2158     2158       76        4       0
                text21                             20E2     20E2       76        4       0
                text20                             2636     2636       56        4       0
                text19                             2986     2986       38        4       0
                text18                             2AB0     2AB0       18        4       0
                text17                             2A78     2A78       1C        4       0
                text16                             2812     2812       3E        4       0
                text15                             1F6E     1F6E       7E        4       0
                text14                             2588     2588       58        4       0
                text13                             1DC6     1DC6       9A        4       0
                text12                             26E0     26E0       52        4       0
                text11                             2244     2244       72        4       0
                text10                             25E0     25E0       56        4       0
                text9                              1B98     1B98       BE        4       0
                text8                              1C56     1C56       B8        4       0
                text7                              1A90     1A90      108        4       0
                text6                              1EE8     1EE8       86        4       0
                text5                              2782     2782       4C        4       0
                text4                              1346     1346      2A2        4       0
                text3                              252E     252E       5A        4       0
                text2                              27CE     27CE       44        4       0
                text1                              24D0     24D0       5E        4       0
                text0                                12       12     1334        4       0
                cstackCOMRAM                         2F       2F       26        1       1
                cstackBANK0                          A0       A0       16       80       1
                dataBANK0                            80       80       20       80       1
                bssBANK0                             B6       B6        A       80       1
                dataCOMRAM                            1        1       2E        1       1
                bssCOMRAM                            55       55       13        1       1
                cinit                              240C     240C       62        4       0
                idataBANK0                         2A58     2A58       20        4       0
                idataCOMRAM                        2A2A     2A2A       2E        4       0

TOTAL           Name                               Link     Load   Length     Space
        CLASS   CODE           
                intcode                               8        8        6         0
                init                                  E        E        4         0
                reset_vec                             0        0        4         0
                text48                             2AD4     2AD4        4         0
                text47                             2ACE     2ACE        6         0
                text46                             29F4     29F4       36         0
                text45                             2AC8     2AC8        6         0
                text44                             29BE     29BE       36         0
                intcode_body                       21CE     21CE       76         0
                text42                             15E8     15E8      144         0
                text41                             172C     172C      12C         0
                text40                             246E     246E       62         0
                text39                             1978     1978      118         0
                text38                             2948     2948       3E         0
                text37                             290A     290A       3E         0
                text36                             28CC     28CC       3E         0
                text35                             268C     268C       54         0
                text34                             239A     239A       72         0
                text33                             2A94     2A94       1C         0
                text32                             288E     288E       3E         0
                text31                             1FEC     1FEC       7E         0
                text30                             2850     2850       3E         0
                text29                             1D0E     1D0E       B8         0
                text28                             206A     206A       78         0
                text27                             2732     2732       50         0
                text26                             1E60     1E60       88         0
                text25                             2328     2328       72         0
                text24                             1858     1858      120         0
                text23                             22B6     22B6       72         0
                text22                             2158     2158       76         0
                text21                             20E2     20E2       76         0
                text20                             2636     2636       56         0
                text19                             2986     2986       38         0
                text18                             2AB0     2AB0       18         0
                text17                             2A78     2A78       1C         0
                text16                             2812     2812       3E         0
                text15                             1F6E     1F6E       7E         0
                text14                             2588     2588       58         0
                text13                             1DC6     1DC6       9A         0
                text12                             26E0     26E0       52         0
                text11                             2244     2244       72         0
                text10                             25E0     25E0       56         0
                text9                              1B98     1B98       BE         0
                text8                              1C56     1C56       B8         0
                text7                              1A90     1A90      108         0
                text6                              1EE8     1EE8       86         0
                text5                              2782     2782       4C         0
                text4                              1346     1346      2A2         0
                text3                              252E     252E       5A         0
                text2                              27CE     27CE       44         0
                text1                              24D0     24D0       5E         0
                text0                                12       12     1334         0
                cinit                              240C     240C       62         0
                idataBANK0                         2A58     2A58       20         0
                idataCOMRAM                        2A2A     2A2A       2E         0

        CLASS   CONST          

        CLASS   SMALLCONST     

        CLASS   MEDIUMCONST    
                mediumconst                        FE04     FE04      1FC         0

        CLASS   COMRAM         
                temp                                 68       68        1         1
                cstackCOMRAM                         2F       2F       26         1
                dataCOMRAM                            1        1       2E         1
                bssCOMRAM                            55       55       13         1

        CLASS   ABS1           

        CLASS   BIGRAM         

        CLASS   RAM            

        CLASS   BANK0          
                cstackBANK0                          A0       A0       16         1
                dataBANK0                            80       80       20         1
                bssBANK0                             B6       B6        A         1

        CLASS   BANK1          

        CLASS   BANK2          

        CLASS   BANK3          

        CLASS   BANK4          

        CLASS   BANK5          

        CLASS   BANK6          

        CLASS   BANK7          

        CLASS   BANK8          

        CLASS   BANK9          

        CLASS   BANK10         

        CLASS   BANK11         

        CLASS   BANK12         

        CLASS   BANK13         

        CLASS   BANK14         

        CLASS   BANK15         

        CLASS   SFR            

        CLASS   BIGSFR         

        CLASS   CONFIG         
                config                           300000   300000        E         4

        CLASS   IDLOC          
                idloc                            200000   200000        8         5

        CLASS   EEDATA         

        CLASS   FARRAM         

        CLASS   HEAP           

        CLASS   STACK          



SEGMENTS        Name                           Load    Length   Top    Selector   Space  Class

                reset_vec                      000000  000004  000004         0       0  CODE    
                dataCOMRAM                     000001  000068  000069         1       1  COMRAM  
                intcode                        000008  002AD0  002AD8         4       0  CODE    
                dataBANK0                      000080  000040  0000C0        80       1  BANK0   
                mediumconst                    00FE04  0001FC  010000      7F02       0  MEDIUMCO


UNUSED ADDRESS RANGES

        Name                Unused          Largest block    Delta
        BANK0            0000C0-0000FF               40
        BANK1            000100-0001FF              100
        BANK10           000A00-000AFF              100
        BANK11           000B00-000BFF              100
        BANK12           000C00-000CFF              100
        BANK13           000D00-000DFF              100
        BANK14           000E00-000EFF              100
        BANK15           000F00-000F7F               80
        BANK2            000200-0002FF              100
        BANK3            000300-0003FF              100
        BANK4            000400-0004FF              100
        BANK5            000500-0005FF              100
        BANK6            000600-0006FF              100
        BANK7            000700-0007FF              100
        BANK8            000800-0008FF              100
        BANK9            000900-0009FF              100
        BIGRAM           000069-00007F               17
                         0000C0-000F7F              EC0
        BIGSFR           000F80-000FFF               80
        CODE             000004-000007                4
                         002AD8-00FE03             D32C
        COMRAM           000069-00007F               17
        CONST            000004-000007                4
                         002AD8-00FE03             D32C
        EEDATA           F00000-F003FF              400
        MEDIUMCONST      002AD8-00FE03             D32C
        RAM              0000C0-000F7F              100
        SFR              000F80-000FFF               80
        SMALLCONST       002AD8-00FE03              100

                                  Symbol Table

SPI_Init@_spi_obj                            cstackCOMRAM 00004A
SPI_Select_mode_and_pin_initialize@F3106     dataCOMRAM   000011
SPI_Select_mode_and_pin_initialize@F3108     dataCOMRAM   000010
SPI_Select_mode_and_pin_initialize@F3110     dataCOMRAM   00000F
SPI_Select_mode_and_pin_initialize@F3112     dataCOMRAM   00000E
SPI_Select_mode_and_pin_initialize@F3114     dataCOMRAM   00000D
SPI_Select_mode_and_pin_initialize@F3116     dataCOMRAM   00000C
SPI_Select_mode_and_pin_initialize@F3118     dataCOMRAM   00000B
SPI_Select_mode_and_pin_initialize@M_CLOCK   cstackCOMRAM 000045
SPI_Select_mode_and_pin_initialize@M_MISO    cstackCOMRAM 000044
SPI_Select_mode_and_pin_initialize@M_MOSI    cstackCOMRAM 000043
SPI_Select_mode_and_pin_initialize@SS        cstackCOMRAM 000049
SPI_Select_mode_and_pin_initialize@S_CLOCK   cstackCOMRAM 000048
SPI_Select_mode_and_pin_initialize@S_MISO    cstackCOMRAM 000047
SPI_Select_mode_and_pin_initialize@S_MOSI    cstackCOMRAM 000046
SPI_Select_mode_and_pin_initialize@_spi_obj  cstackCOMRAM 00003F
SPI_Select_mode_and_pin_initialize@ret       cstackCOMRAM 000042
SPI_Select_the_Sampling_receiving@_spi_obj   cstackCOMRAM 000031
SPI_Select_the_clock_phase@_spi_obj          cstackCOMRAM 000031
SPI_Select_the_clock_polarity@_spi_obj       cstackCOMRAM 000031
SPI_configure_the_interrupt@_spi_obj         cstackCOMRAM 000031
Timer0_DeInit@_timer                         cstackCOMRAM 000031
Timer0_Init@_timer                           cstackCOMRAM 000034
Timer0_mode_of_register_size_selcet@_timer   cstackCOMRAM 000031
Timer0_mode_timer_or_counter_selcet@_timer   cstackCOMRAM 000031
Timer0_prescaler_selcet@_timer               cstackCOMRAM 000031
Timer1_DeInit@_timer                         cstackCOMRAM 000031
Timer1_Init@_timer                           cstackCOMRAM 000033
_ADCON1bits                                  (abs)        000FC1
_ADMIN_Led                                   dataCOMRAM   00002E
_BLOCK_Led                                   dataCOMRAM   00002C
_EEADR                                       (abs)        000FA9
_EEADRH                                      (abs)        000FAA
_EECON1bits                                  (abs)        000FA6
_EECON2                                      (abs)        000FA7
_EEDATA                                      (abs)        000FA8
_FlagTimeOut                                 bssCOMRAM    000063
_GUEST_Led                                   dataCOMRAM   00002D
_HandelerSPI                                 bssCOMRAM    00005F
_INTCONbits                                  (abs)        000FF2
_Keypad_Obj                                  dataCOMRAM   000012
_LATA                                        (abs)        000F89
_LATB                                        (abs)        000F8A
_LATC                                        (abs)        000F8B
_LATD                                        (abs)        000F8C
_LATE                                        (abs)        000F8D
_Lcd_Obj                                     dataCOMRAM   00001A
_PIE1bits                                    (abs)        000F9D
_PIN_SelectChannel                           dataCOMRAM   00002B
_PIR1bits                                    (abs)        000F9E
_PORTA                                       (abs)        000F80
_PORTB                                       (abs)        000F81
_PORTC                                       (abs)        000F82
_PORTD                                       (abs)        000F83
_PORTE                                       (abs)        000F84
_SPIObject                                   bssBANK0     0000BC
_SPI_ISR                                     text48       002AD4
_SPI_Init                                    text34       00239A
_SPI_Select_mode_and_pin_initialize          text39       001978
_SPI_Select_the_Sampling_receiving           text38       002948
_SPI_Select_the_clock_phase                  text37       00290A
_SPI_Select_the_clock_polarity               text36       0028CC
_SPI_configure_the_interrupt                 text35       00268C
_SSPBUF                                      (abs)        000FC9
_SSPCON1bits                                 (abs)        000FC6
_SSPSTATbits                                 (abs)        000FC7
_SessionCounter                              bssCOMRAM    000055
_T0CONbits                                   (abs)        000FD5
_T1CONbits                                   (abs)        000FCD
_TIMER0_ISR                                  text46       0029F4
_TIMER0_interruptHandler                     bssCOMRAM    00005D
_TIMER1_ISR                                  text44       0029BE
_TIMER1_interruptHandler                     bssCOMRAM    000059
_TMR0H                                       (abs)        000FD7
_TMR0L                                       (abs)        000FD6
_TMR1H                                       (abs)        000FCF
_TMR1L                                       (abs)        000FCE
_TRISA                                       (abs)        000F92
_TRISB                                       (abs)        000F93
_TRISC                                       (abs)        000F94
_TRISD                                       (abs)        000F95
_TRISE                                       (abs)        000F96
_Timer0Interrupt                             text47       002ACE
_Timer0_DeInit                               text17       002A78
_Timer0_Init                                 text13       001DC6
_Timer0_mode_of_register_size_selcet         text16       002812
_Timer0_mode_timer_or_counter_selcet         text15       001F6E
_Timer0_prescaler_selcet                     text14       002588
_Timer1Handler                               text45       002AC8
_Timer1Obj                                   dataCOMRAM   000026
_Timer1_DeInit                               text33       002A94
_Timer1_Init                                 text29       001D0E
_TimerDelay                                  dataCOMRAM   000020
__HRAM                                       (abs)        000000
__Habs1                                      abs1         000000
__Hbank0                                     bank0        000000
__Hbank1                                     bank1        000000
__Hbank10                                    bank10       000000
__Hbank11                                    bank11       000000
__Hbank12                                    bank12       000000
__Hbank13                                    bank13       000000
__Hbank14                                    bank14       000000
__Hbank15                                    bank15       000000
__Hbank2                                     bank2        000000
__Hbank3                                     bank3        000000
__Hbank4                                     bank4        000000
__Hbank5                                     bank5        000000
__Hbank6                                     bank6        000000
__Hbank7                                     bank7        000000
__Hbank8                                     bank8        000000
__Hbank9                                     bank9        000000
__Hbigbss                                    bigbss       000000
__Hbigdata                                   bigdata      000000
__Hbigram                                    bigram       000000
__Hbigsfr                                    bigsfr       000000
__Hbss                                       bss          000000
__HbssBANK0                                  bssBANK0     000000
__HbssCOMRAM                                 bssCOMRAM    000000
__Hcinit                                     cinit        000000
__Hclrtext                                   clrtext      000000
__Hcomram                                    comram       000000
__Hconfig                                    config       30000E
__Hconst                                     const        000000
__HcstackBANK0                               cstackBANK0  000000
__HcstackCOMRAM                              cstackCOMRAM 000000
__Hdata                                      data         000000
__HdataBANK0                                 dataBANK0    000000
__HdataCOMRAM                                dataCOMRAM   000000
__Heeprom_data                               eeprom_data  000000
__Hfarbss                                    farbss       000000
__Hfardata                                   fardata      000000
__Hheap                                      heap         000000
__Hibigdata                                  ibigdata     000000
__Hidata                                     idata        000000
__HidataBANK0                                idataBANK0   000000
__HidataCOMRAM                               idataCOMRAM  000000
__Hidloc                                     idloc        200008
__Hifardata                                  ifardata     000000
__Hinit                                      init         000012
__Hintcode                                   intcode      00000E
__Hintcode_body                              intcode_body 000000
__Hintcodelo                                 intcodelo    00000E
__Hintentry                                  intentry     000000
__Hintret                                    intret       000000
__Hintsave_regs                              intsave_regs 000000
__Hirdata                                    irdata       000000
__Hmediumconst                               mediumconst  010000
__HnvFARRAM                                  nvFARRAM     000000
__Hnvbit                                     nvbit        000000
__Hnvrram                                    nvrram       000000
__Hparam                                     rparam       000000
__Hpowerup                                   powerup      00000E
__Hram                                       ram          000000
__Hramtop                                    ramtop       001000
__Hrbit                                      rbit         000000
__Hrbss                                      rbss         000000
__Hrdata                                     rdata        000000
__Hreset_vec                                 reset_vec    000004
__Hrparam                                    rparam       000000
__Hsfr                                       sfr          000000
__Hsmallconst                                smallconst   000000
__Hspace_0                                   (abs)        010000
__Hspace_1                                   (abs)        0000C0
__Hspace_2                                   (abs)        000000
__Hspace_4                                   (abs)        60000E
__Hstack                                     stack        000000
__Hstruct                                    struct       000000
__Htemp                                      temp         000069
__Htext                                      text         000000
__Htext0                                     text0        000000
__Htext1                                     text1        000000
__Htext10                                    text10       000000
__Htext11                                    text11       000000
__Htext12                                    text12       000000
__Htext13                                    text13       000000
__Htext14                                    text14       000000
__Htext15                                    text15       000000
__Htext16                                    text16       000000
__Htext17                                    text17       000000
__Htext18                                    text18       000000
__Htext19                                    text19       000000
__Htext2                                     text2        000000
__Htext20                                    text20       000000
__Htext21                                    text21       000000
__Htext22                                    text22       000000
__Htext23                                    text23       000000
__Htext24                                    text24       000000
__Htext25                                    text25       000000
__Htext26                                    text26       000000
__Htext27                                    text27       000000
__Htext28                                    text28       000000
__Htext29                                    text29       000000
__Htext3                                     text3        000000
__Htext30                                    text30       000000
__Htext31                                    text31       000000
__Htext32                                    text32       000000
__Htext33                                    text33       000000
__Htext34                                    text34       000000
__Htext35                                    text35       000000
__Htext36                                    text36       000000
__Htext37                                    text37       000000
__Htext38                                    text38       000000
__Htext39                                    text39       000000
__Htext4                                     text4        000000
__Htext40                                    text40       000000
__Htext41                                    text41       000000
__Htext42                                    text42       000000
__Htext44                                    text44       000000
__Htext45                                    text45       000000
__Htext46                                    text46       000000
__Htext47                                    text47       000000
__Htext48                                    text48       000000
__Htext49                                    text49       000000
__Htext5                                     text5        000000
__Htext6                                     text6        000000
__Htext7                                     text7        000000
__Htext8                                     text8        000000
__Htext9                                     text9        000000
__LRAM                                       (abs)        000001
__Labs1                                      abs1         000000
__Lbank0                                     bank0        000000
__Lbank1                                     bank1        000000
__Lbank10                                    bank10       000000
__Lbank11                                    bank11       000000
__Lbank12                                    bank12       000000
__Lbank13                                    bank13       000000
__Lbank14                                    bank14       000000
__Lbank15                                    bank15       000000
__Lbank2                                     bank2        000000
__Lbank3                                     bank3        000000
__Lbank4                                     bank4        000000
__Lbank5                                     bank5        000000
__Lbank6                                     bank6        000000
__Lbank7                                     bank7        000000
__Lbank8                                     bank8        000000
__Lbank9                                     bank9        000000
__Lbigbss                                    bigbss       000000
__Lbigdata                                   bigdata      000000
__Lbigram                                    bigram       000000
__Lbigsfr                                    bigsfr       000000
__Lbss                                       bss          000000
__LbssBANK0                                  bssBANK0     000000
__LbssCOMRAM                                 bssCOMRAM    000000
__Lcinit                                     cinit        000000
__Lclrtext                                   clrtext      000000
__Lcomram                                    comram       000000
__Lconfig                                    config       000000
__Lconst                                     const        000000
__LcstackBANK0                               cstackBANK0  000000
__LcstackCOMRAM                              cstackCOMRAM 000000
__Ldata                                      data         000000
__LdataBANK0                                 dataBANK0    000000
__LdataCOMRAM                                dataCOMRAM   000000
__Leeprom_data                               eeprom_data  000000
__Lfarbss                                    farbss       000000
__Lfardata                                   fardata      000000
__Lheap                                      heap         000000
__Libigdata                                  ibigdata     000000
__Lidata                                     idata        000000
__LidataBANK0                                idataBANK0   000000
__LidataCOMRAM                               idataCOMRAM  000000
__Lidloc                                     idloc        000000
__Lifardata                                  ifardata     000000
__Linit                                      init         00000E
__Lintcode                                   intcode      000008
__Lintcode_body                              intcode_body 000000
__Lintcodelo                                 intcodelo    00000E
__Lintentry                                  intentry     000000
__Lintret                                    intret       000000
__Lintsave_regs                              intsave_regs 000000
__Lirdata                                    irdata       000000
__Lmediumconst                               mediumconst  00FE04
__LnvFARRAM                                  nvFARRAM     000000
__Lnvbit                                     nvbit        000000
__Lnvrram                                    nvrram       000000
__Lparam                                     rparam       000000
__Lpowerup                                   powerup      00000E
__Lram                                       ram          000000
__Lramtop                                    ramtop       001000
__Lrbit                                      rbit         000000
__Lrbss                                      rbss         000000
__Lrdata                                     rdata        000000
__Lreset_vec                                 reset_vec    000000
__Lrparam                                    rparam       000000
__Lsfr                                       sfr          000000
__Lsmallconst                                smallconst   000000
__Lspace_0                                   (abs)        000000
__Lspace_1                                   (abs)        000000
__Lspace_2                                   (abs)        000000
__Lspace_4                                   (abs)        000000
__Lstack                                     stack        000000
__Lstruct                                    struct       000000
__Ltemp                                      temp         000068
__Ltext                                      text         000000
__Ltext0                                     text0        000000
__Ltext1                                     text1        000000
__Ltext10                                    text10       000000
__Ltext11                                    text11       000000
__Ltext12                                    text12       000000
__Ltext13                                    text13       000000
__Ltext14                                    text14       000000
__Ltext15                                    text15       000000
__Ltext16                                    text16       000000
__Ltext17                                    text17       000000
__Ltext18                                    text18       000000
__Ltext19                                    text19       000000
__Ltext2                                     text2        000000
__Ltext20                                    text20       000000
__Ltext21                                    text21       000000
__Ltext22                                    text22       000000
__Ltext23                                    text23       000000
__Ltext24                                    text24       000000
__Ltext25                                    text25       000000
__Ltext26                                    text26       000000
__Ltext27                                    text27       000000
__Ltext28                                    text28       000000
__Ltext29                                    text29       000000
__Ltext3                                     text3        000000
__Ltext30                                    text30       000000
__Ltext31                                    text31       000000
__Ltext32                                    text32       000000
__Ltext33                                    text33       000000
__Ltext34                                    text34       000000
__Ltext35                                    text35       000000
__Ltext36                                    text36       000000
__Ltext37                                    text37       000000
__Ltext38                                    text38       000000
__Ltext39                                    text39       000000
__Ltext4                                     text4        000000
__Ltext40                                    text40       000000
__Ltext41                                    text41       000000
__Ltext42                                    text42       000000
__Ltext44                                    text44       000000
__Ltext45                                    text45       000000
__Ltext46                                    text46       000000
__Ltext47                                    text47       000000
__Ltext48                                    text48       000000
__Ltext49                                    text49       000000
__Ltext5                                     text5        000000
__Ltext6                                     text6        000000
__Ltext7                                     text7        000000
__Ltext8                                     text8        000000
__Ltext9                                     text9        000000
__S0                                         (abs)        010000
__S1                                         (abs)        0000C0
__S4                                         (abs)        000000
__S5                                         (abs)        000000
__TimerDelay_ms                              text12       0026E0
__TimerDelay_ms@u16CopyDelay                 cstackCOMRAM 000038
___heap_hi                                   (abs)        000000
___heap_lo                                   (abs)        000000
___inthi_sp                                  stack        000000
___intlo_sp                                  stack        000000
___param_bank                                (abs)        000000
___rparam_used                               (abs)        000001
___sp                                        stack        000000
__accesstop                                  (abs)        000080
__activetblptr                               (abs)        000003
__end_of_SPI_ISR                             text48       002AD8
__end_of_SPI_Init                            text34       00240C
__end_of_SPI_Select_mode_and_pin_initialize  text39       001A90
__end_of_SPI_Select_the_Sampling_receiving   text38       002986
__end_of_SPI_Select_the_clock_phase          text37       002948
__end_of_SPI_Select_the_clock_polarity       text36       00290A
__end_of_SPI_configure_the_interrupt         text35       0026E0
__end_of_TIMER0_ISR                          text46       002A2A
__end_of_TIMER1_ISR                          text44       0029F4
__end_of_Timer0Interrupt                     text47       002AD4
__end_of_Timer0_DeInit                       text17       002A94
__end_of_Timer0_Init                         text13       001E60
__end_of_Timer0_mode_of_register_size_selcet text16       002850
__end_of_Timer0_mode_timer_or_counter_selcet text15       001FEC
__end_of_Timer0_prescaler_selcet             text14       0025E0
__end_of_Timer1Handler                       text45       002ACE
__end_of_Timer1_DeInit                       text33       002AB0
__end_of_Timer1_Init                         text29       001DC6
__end_of__TimerDelay_ms                      text12       002732
__end_of__initialization                     cinit        002464
__end_of_btn_keypad_values                   mediumconst  00FE15
__end_of_eeprom_ReadDataByte                 text19       0029BE
__end_of_eeprom_WriteDataByte                text2        002812
__end_of_gpio_Pin_Derction_Intialize         text42       00172C
__end_of_gpio_Pin_Intialize                  text40       0024D0
__end_of_gpio_Pin_Read_Logic                 text8        001D0E
__end_of_gpio_Pin_Write_Logic                text41       001858
__end_of_interruptManager                    intcode_body 002244
__end_of_keypad_get_value                    text7        001B98
__end_of_keypad_initialize                   text28       0020E2
__end_of_lcd_4bit_initialize                 text24       001978
__end_of_lcd_4bit_send_char_data             text11       0022B6
__end_of_lcd_4bit_send_command               text25       00239A
__end_of_lcd_4bit_send_string_data           text10       002636
__end_of_led_initialize                      text23       002328
__end_of_led_turn_off                        text22       0021CE
__end_of_led_turn_on                         text21       002158
__end_of_main                                text0        001346
__end_of_send_4bit_mode_enable               text27       002782
__end_of_send_data_4bit_mode                 text26       001EE8
__end_of_set_cursor_4bit_mode                text9        001C56
__end_of_timer1_oscillator_enable            text32       0028CC
__end_of_timer1_select_mode_timer_or_counter text31       00206A
__end_of_timer1_select_reg_mode              text30       00288E
__end_of_u8ComparePass                       text20       00268C
__end_of_u8GetPressedValue                   text6        001F6E
__end_of_u8PassIsSetOrNotSet                 text18       002AC8
__end_of_u8SpiTranmitRecieve                 text5        0027CE
__end_of_vMenuOption                         text4        0015E8
__end_of_vReadBlockOnEEPROM                  text3        002588
__end_of_vWriteBlockOnEEPROM                 text1        00252E
__initialization                             cinit        00240C
__mediumconst                                mediumconst  00FE04
__pbssBANK0                                  bssBANK0     0000B6
__pbssCOMRAM                                 bssCOMRAM    000055
__pcinit                                     cinit        00240C
__pcstackBANK0                               cstackBANK0  0000A0
__pcstackCOMRAM                              cstackCOMRAM 00002F
__pdataBANK0                                 dataBANK0    000080
__pdataCOMRAM                                dataCOMRAM   000001
__pidataBANK0                                idataBANK0   002A58
__pidataCOMRAM                               idataCOMRAM  002A2A
__pintcode                                   intcode      000008
__pintcode_body                              intcode_body 0021CE
__pmediumconst                               mediumconst  00FE04
__ptext0                                     text0        000012
__ptext1                                     text1        0024D0
__ptext10                                    text10       0025E0
__ptext11                                    text11       002244
__ptext12                                    text12       0026E0
__ptext13                                    text13       001DC6
__ptext14                                    text14       002588
__ptext15                                    text15       001F6E
__ptext16                                    text16       002812
__ptext17                                    text17       002A78
__ptext18                                    text18       002AB0
__ptext19                                    text19       002986
__ptext2                                     text2        0027CE
__ptext20                                    text20       002636
__ptext21                                    text21       0020E2
__ptext22                                    text22       002158
__ptext23                                    text23       0022B6
__ptext24                                    text24       001858
__ptext25                                    text25       002328
__ptext26                                    text26       001E60
__ptext27                                    text27       002732
__ptext28                                    text28       00206A
__ptext29                                    text29       001D0E
__ptext3                                     text3        00252E
__ptext30                                    text30       002850
__ptext31                                    text31       001FEC
__ptext32                                    text32       00288E
__ptext33                                    text33       002A94
__ptext34                                    text34       00239A
__ptext35                                    text35       00268C
__ptext36                                    text36       0028CC
__ptext37                                    text37       00290A
__ptext38                                    text38       002948
__ptext39                                    text39       001978
__ptext4                                     text4        001346
__ptext40                                    text40       00246E
__ptext41                                    text41       00172C
__ptext42                                    text42       0015E8
__ptext44                                    text44       0029BE
__ptext45                                    text45       002AC8
__ptext46                                    text46       0029F4
__ptext47                                    text47       002ACE
__ptext48                                    text48       002AD4
__ptext49                                    text49       000000
__ptext5                                     text5        002782
__ptext6                                     text6        001EE8
__ptext7                                     text7        001A90
__ptext8                                     text8        001C56
__ptext9                                     text9        001B98
__ramtop                                     ramtop       001000
__smallconst                                 smallconst   000000
_btn_keypad_values                           mediumconst  00FE05
_eeprom_ReadDataByte                         text19       002986
_eeprom_WriteDataByte                        text2        0027CE
_gpio_Pin_Derction_Intialize                 text42       0015E8
_gpio_Pin_Intialize                          text40       00246E
_gpio_Pin_Read_Logic                         text8        001C56
_gpio_Pin_Write_Logic                        text41       00172C
_interruptManager                            intcode      000008
_keypad_get_value                            text7        001A90
_keypad_initialize                           text28       00206A
_lat_registers                               dataCOMRAM   000001
_lcd_4bit_initialize                         text24       001858
_lcd_4bit_send_char_data                     text11       002244
_lcd_4bit_send_command                       text25       002328
_lcd_4bit_send_string_data                   text10       0025E0
_led_initialize                              text23       0022B6
_led_turn_off                                text22       002158
_led_turn_on                                 text21       0020E2
_main                                        text0        000012
_port_registers                              dataBANK0    000080
_preload_timer                               bssCOMRAM    00005B
_preload_timer1                              bssCOMRAM    000057
_send_4bit_mode_enable                       text27       002732
_send_data_4bit_mode                         text26       001E60
_set_cursor_4bit_mode                        text9        001B98
_timer1_oscillator_enable                    text32       00288E
_timer1_select_mode_timer_or_counter         text31       001FEC
_timer1_select_reg_mode                      text30       002850
_tris_registers                              dataBANK0    00008A
_u16DelayCounter                             bssCOMRAM    000061
_u8ComparePass                               text20       002636
_u8GetPressedValue                           text6        001EE8
_u8PassIsSetOrNotSet                         text18       002AB0
_u8SpiTranmitRecieve                         text5        002782
_vMenuOption                                 text4        001346
_vReadBlockOnEEPROM                          text3        00252E
_vWriteBlockOnEEPROM                         text1        0024D0
btemp                                        temp         000068
eeprom_ReadDataByte@badd                     cstackCOMRAM 000031
eeprom_ReadDataByte@data                     cstackCOMRAM 000033
eeprom_WriteDataByte@badd                    cstackCOMRAM 000031
eeprom_WriteDataByte@data                    cstackCOMRAM 000033
eeprom_WriteDataByte@interrupt_status        cstackCOMRAM 000034
end_of_initialization                        cinit        002464
gpio_Pin_Derction_Intialize@pin_config       cstackCOMRAM 000031
gpio_Pin_Derction_Intialize@ret              cstackCOMRAM 000039
gpio_Pin_Intialize@pin_config                cstackCOMRAM 00003B
gpio_Pin_Intialize@ret                       cstackCOMRAM 00003E
gpio_Pin_Read_Logic@logic                    cstackCOMRAM 000033
gpio_Pin_Read_Logic@pin_config               cstackCOMRAM 000031
gpio_Pin_Read_Logic@ret                      cstackCOMRAM 00003A
gpio_Pin_Write_Logic@logic                   cstackCOMRAM 000033
gpio_Pin_Write_Logic@pin_config              cstackCOMRAM 000031
gpio_Pin_Write_Logic@ret                     cstackCOMRAM 00003A
int$flags                                    temp         000068
int_func                                     intcode_body 0021CE
intlevel0                                    text         000000
intlevel1                                    text         000000
intlevel2                                    text         000000
intlevel3                                    text         000000
isa$std                                      (abs)        000001
isa$xinst                                    (abs)        000000
keypad_get_value@_keypad_obj                 cstackCOMRAM 00003B
keypad_get_value@column_logic_pin            cstackCOMRAM 000041
keypad_get_value@counter_colums              cstackCOMRAM 000044
keypad_get_value@counter_rows                cstackCOMRAM 000043
keypad_get_value@l_counter                   cstackCOMRAM 000042
keypad_get_value@value                       cstackCOMRAM 00003D
keypad_initialize@_keypad_obj                cstackCOMRAM 00003F
keypad_initialize@keypad_colums              cstackCOMRAM 000044
keypad_initialize@keypad_rows                cstackCOMRAM 000043
lcd_4bit_initialize@_lcd                     cstackCOMRAM 000043
lcd_4bit_initialize@l_counter                cstackCOMRAM 000047
lcd_4bit_initialize@ret                      cstackCOMRAM 000048
lcd_4bit_send_char_data@_lcd                 cstackCOMRAM 00003F
lcd_4bit_send_char_data@data                 cstackCOMRAM 000041
lcd_4bit_send_char_data@ret                  cstackCOMRAM 000042
lcd_4bit_send_command@_lcd                   cstackCOMRAM 00003F
lcd_4bit_send_command@command                cstackCOMRAM 000041
lcd_4bit_send_command@ret                    cstackCOMRAM 000042
lcd_4bit_send_string_data@_lcd               cstackCOMRAM 000043
lcd_4bit_send_string_data@str                cstackCOMRAM 000045
led_initialize@F3047                         bssCOMRAM    000067
led_initialize@led                           cstackCOMRAM 00003F
led_initialize@pin_config                    cstackCOMRAM 000042
led_turn_off@F3057                           bssCOMRAM    000065
led_turn_off@led                             cstackCOMRAM 00003B
led_turn_off@pin_config                      cstackCOMRAM 00003E
led_turn_on@F3052                            bssCOMRAM    000066
led_turn_on@led                              cstackCOMRAM 00003B
led_turn_on@pin_config                       cstackCOMRAM 00003E
led_turn_toggle@F3062                        bssCOMRAM    000064
main@BlockModeFlag                           cstackBANK0  0000AE
main@F3273                                   dataBANK0    00009C
main@F3277                                   dataBANK0    000098
main@F3279                                   dataBANK0    000094
main@Pass                                    cstackBANK0  0000A0
main@PassCounter                             cstackBANK0  0000B1
main@PassCounter_1957                        cstackBANK0  0000B3
main@PassStored                              cstackBANK0  0000A4
main@PassTriesCount                          cstackBANK0  0000B0
main@Pass_1959                               cstackBANK0  0000A8
main@ShowMenu                                cstackBANK0  0000B2
main@TempOnes                                cstackBANK0  0000AC
main@TempTens                                cstackBANK0  0000AD
main@Temperature                             cstackBANK0  0000AF
main@u8KeyPadPressed                         cstackBANK0  0000B5
main@u8LoginMode                             cstackBANK0  0000B4
send_4bit_mode_enable@_lcd                   cstackCOMRAM 00003B
send_4bit_mode_enable@ret                    cstackCOMRAM 00003D
send_data_4bit_mode@_lcd                     cstackCOMRAM 00003B
send_data_4bit_mode@data                     cstackCOMRAM 00003D
send_data_4bit_mode@ret                      cstackCOMRAM 00003E
set_cursor_4bit_mode@_lcd                    cstackCOMRAM 000043
set_cursor_4bit_mode@column                  cstackCOMRAM 000046
set_cursor_4bit_mode@ret                     cstackCOMRAM 000049
set_cursor_4bit_mode@row                     cstackCOMRAM 000045
stackhi                                      (abs)        000000
stacklo                                      (abs)        000000
start                                        init         00000E
start_initialization                         cinit        00240C
timer1_oscillator_enable@_timer              cstackCOMRAM 000031
timer1_select_mode_timer_or_counter@_timer   cstackCOMRAM 000031
timer1_select_reg_mode@_timer                cstackCOMRAM 000031
ttemp5                                       temp         000069
ttemp6                                       temp         00006C
ttemp7                                       temp         000070
u8ComparePass@Pass1                          cstackCOMRAM 000031
u8ComparePass@Pass2                          cstackCOMRAM 000033
u8ComparePass@PassCounter                    cstackCOMRAM 000039
u8ComparePass@PassFlag                       cstackCOMRAM 000038
u8ComparePass@Size                           cstackCOMRAM 000035
u8GetPressedValue@u8LockeyPressed            cstackCOMRAM 000046
u8GetPressedValue@u8LoginMode                cstackCOMRAM 000045
u8PassIsSetOrNotSet@Address                  cstackCOMRAM 000035
u8PassIsSetOrNotSet@u8LocDataAdd             cstackCOMRAM 000037
u8SpiTranmitRecieve@Loc_Data                 cstackCOMRAM 00003C
u8SpiTranmitRecieve@u8Data                   cstackCOMRAM 00003B
vMenuOption@u8LonginMode                     cstackCOMRAM 00004A
vMenuOption@u8Response                       cstackCOMRAM 00004E
vMenuOption@u8SelectedRoom                   cstackCOMRAM 00004D
vMenuOption@u8StatusCode                     cstackCOMRAM 000051
vMenuOption@u8TurnOnCode                     cstackCOMRAM 00004F
vMenuOption@u8TurnoffCode                    cstackCOMRAM 000050
vMenuOption@u8keyPressed                     cstackCOMRAM 000052
vReadBlockOnEEPROM@LOC_Iterator              cstackCOMRAM 00003D
vReadBlockOnEEPROM@Pass                      cstackCOMRAM 000037
vReadBlockOnEEPROM@Size                      cstackCOMRAM 000039
vReadBlockOnEEPROM@u16TheStartAddress        cstackCOMRAM 000035
vWriteBlockOnEEPROM@LOC_Iterator             cstackCOMRAM 00003D
vWriteBlockOnEEPROM@Pass                     cstackCOMRAM 000037
vWriteBlockOnEEPROM@Size                     cstackCOMRAM 000039
vWriteBlockOnEEPROM@u16TheStartAddress       cstackCOMRAM 000035
wtemp8                                       temp         000069


MODULE INFORMATION

Module		Function		Class		Link	Load	Size
MCAL_LAYER/TIMER1/hal_timer1.c
		_TIMER1_ISR    		CODE           	29BE	0000	54
		_timer1_select_reg_mode		CODE           	2850	0000	62
		_Timer1_Init   		CODE           	1D0E	0000	184
		_Timer1_DeInit 		CODE           	2A94	0000	28
		_timer1_oscillator_enable		CODE           	288E	0000	62
		_timer1_select_mode_timer_or_counter		CODE           	1FEC	0000	126

MCAL_LAYER/TIMER1/hal_timer1.c estimated size: 516

MCAL_LAYER/TIMER0/hal_timer0.c
		_Timer0_Init   		CODE           	1DC6	0000	154
		_Timer0_mode_timer_or_counter_selcet		CODE           	1F6E	0000	126
		_Timer0_DeInit 		CODE           	2A78	0000	28
		_Timer0_mode_of_register_size_selcet		CODE           	2812	0000	62
		_TIMER0_ISR    		CODE           	29F4	0000	54
		_Timer0_prescaler_selcet		CODE           	2588	0000	88

MCAL_LAYER/TIMER0/hal_timer0.c estimated size: 512

MCAL_LAYER/GPIO/hal_gpio.c
		_gpio_Pin_Write_Logic		CODE           	172C	0000	300
		_gpio_Pin_Intialize		CODE           	246E	0000	98
		_gpio_Pin_Read_Logic		CODE           	1C56	0000	184
		_gpio_Pin_Derction_Intialize		CODE           	15E8	0000	324

MCAL_LAYER/GPIO/hal_gpio.c estimated size: 906

ECU_LAYER/led/ecu_led.c
		_led_initialize		CODE           	22B6	0000	114
		_led_turn_on   		CODE           	20E2	0000	118
		_led_turn_off  		CODE           	2158	0000	118

ECU_LAYER/led/ecu_led.c estimated size: 350

ECU_LAYER/char_lcd/ecu_char_lcd.c
		_send_data_4bit_mode		CODE           	1E60	0000	136
		_lcd_4bit_send_command		CODE           	2328	0000	114
		_lcd_4bit_send_char_data		CODE           	2244	0000	114
		_lcd_4bit_send_string_data		CODE           	25E0	0000	86
		_send_4bit_mode_enable		CODE           	2732	0000	80
		_lcd_4bit_initialize		CODE           	1858	0000	288
		_set_cursor_4bit_mode		CODE           	1B98	0000	190

ECU_LAYER/char_lcd/ecu_char_lcd.c estimated size: 1008

shared
		_btn_keypad_values		MEDIUMCONST    	FE05	0000	16
		__initialization		CODE           	240C	0000	88

shared estimated size: 104

MCAL_LAYER/interrupt/mcal_interrupt_manager.c
		_interruptManager		CODE           	0008	0000	124

MCAL_LAYER/interrupt/mcal_interrupt_manager.c estimated size: 124

menu.c
		_u8ComparePass 		CODE           	2636	0000	86
		_u8SpiTranmitRecieve		CODE           	2782	0000	76
		_vMenuOption   		CODE           	1346	0000	674
		_u8GetPressedValue		CODE           	1EE8	0000	134

menu.c estimated size: 970

MCAL_LAYER/EEPROM/hal_eeprom.c
		_eeprom_ReadDataByte		CODE           	2986	0000	56
		_eeprom_WriteDataByte		CODE           	27CE	0000	68

MCAL_LAYER/EEPROM/hal_eeprom.c estimated size: 124

application.c
		_u8PassIsSetOrNotSet		CODE           	2AB0	0000	24
		_main          		CODE           	0012	0000	4916
		_vReadBlockOnEEPROM		CODE           	252E	0000	90
		_Timer1Handler 		CODE           	2AC8	0000	6
		_vWriteBlockOnEEPROM		CODE           	24D0	0000	94

application.c estimated size: 5130

MCAL_LAYER/SPI/hal_spi.c
		_SPI_configure_the_interrupt		CODE           	268C	0000	84
		_SPI_ISR       		CODE           	2AD4	0000	4
		_SPI_Init      		CODE           	239A	0000	114
		_SPI_Select_the_clock_polarity		CODE           	28CC	0000	62
		_SPI_Select_the_clock_phase		CODE           	290A	0000	62
		_SPI_Select_the_Sampling_receiving		CODE           	2948	0000	62
		_SPI_Select_mode_and_pin_initialize		CODE           	1978	0000	280

MCAL_LAYER/SPI/hal_spi.c estimated size: 668

MCAL_LAYER/Delay/M_Delay.c
		__TimerDelay_ms		CODE           	26E0	0000	82
		_Timer0Interrupt		CODE           	2ACE	0000	6

MCAL_LAYER/Delay/M_Delay.c estimated size: 88

ECU_LAYER/key_pad/ecu_keypad.c
		_keypad_get_value		CODE           	1A90	0000	264
		_keypad_initialize		CODE           	206A	0000	120

ECU_LAYER/key_pad/ecu_keypad.c estimated size: 384

