Microchip MPLAB XC8 Compiler V2.40

Linker command line:

-W-3 \
  --edf=C:\Program Files\Microchip\xc8\v2.40\pic\dat\20220703182018_en.msgs \
  -cn -h+dist/default/production\SLAVE.production.sym \
  --cmf=dist/default/production\SLAVE.production.cmf -z -Q18F4620 \
  -oC:\Users\MOUSTAFA\AppData\Local\Temp\xcAs2go.6 --defsym=__MPLAB_BUILD=1 \
  --fixupoverflow=error -Mdist/default/production/SLAVE.production.map \
  --md=C:\Users\MOUSTAFA\AppData\Local\Temp\xcCs2go.dat -E1 \
  -ver=XC8 Compiler --acfsm=1493 -ACODE=00h-0FFFFh -ACONST=00h-0FFFFh \
  -ASMALLCONST=01000h-010FFhx240 -AMEDIUMCONST=01000h-0FFFFh \
  -ACOMRAM=01h-07Fh -AABS1=00h-0F7Fh -ABIGRAM=01h-0F7Fh \
  -ARAM=080h-0FFh,0100h-01FFhx14,0F00h-0F7Fh -ABANK0=080h-0FFh \
  -ABANK1=0100h-01FFh -ABANK2=0200h-02FFh -ABANK3=0300h-03FFh \
  -ABANK4=0400h-04FFh -ABANK5=0500h-05FFh -ABANK6=0600h-06FFh \
  -ABANK7=0700h-07FFh -ABANK8=0800h-08FFh -ABANK9=0900h-09FFh \
  -ABANK10=0A00h-0AFFh -ABANK11=0B00h-0BFFh -ABANK12=0C00h-0CFFh \
  -ABANK13=0D00h-0DFFh -ABANK14=0E00h-0EFFh -ABANK15=0F00h-0F7Fh \
  -ASFR=0F80h-0FFFh -ABIGSFR=0F80h-0FFFh -ACONFIG=0300000h-030000Dh \
  -AIDLOC=0200000h-0200007h -AEEDATA=0F00000h-0F003FFh -peeprom_data=EEDATA \
  -preset_vec=00h,intcode=08h,intcodelo,powerup,init -pramtop=01000h \
  -psmallconst=SMALLCONST -pmediumconst=MEDIUMCONST -pconst=CONST \
  -AFARRAM=00h-00h \
  -prdata=COMRAM,nvrram=COMRAM,nvbit=COMRAM,rbss=COMRAM,rbit=COMRAM \
  -pfarbss=FARRAM,fardata=FARRAM,nvFARRAM=FARRAM \
  -pintsave_regs=BIGRAM,bigbss=BIGRAM,bigdata=BIGRAM -pbss=RAM \
  -pidata=CODE,irdata=CODE,ibigdata=CODE,ifardata=CODE -prparam=COMRAM \
  C:\Users\MOUSTAFA\AppData\Local\Temp\xcAs2go.o \
  dist/default/production\SLAVE.production.o 

Object code version is 3.11

Machine type is 18F4620



                Name                               Link     Load   Length Selector   Space Scale
C:\Users\MOUSTAFA\AppData\Local\Temp\xcAs2go.o
                idloc                            200000   200000        8        0       5
                config                           300000   300000        E        0       4
                init                                  E        E        4        4       0
                reset_vec                             0        0        4        0       0
dist/default/production\SLAVE.production.o
                intcode                               8        8        6        4       0
                idloc                            200000   200000        8        0       5
                config                           300000   300000        E        0       4
                temp                                 71       71        1        1       1
                text42                             1D9E     1D9E        4        4       0
                text41                             1D66     1D66       16        4       0
                text40                             1CD0     1CD0       32        4       0
                text39                             1D98     1D98        6        4       0
                text38                             1C66     1C66       38        4       0
                text37                             125A     125A       C0        4       0
                text36                             1182     1182       D8        4       0
                text35                             1BF4     1BF4       3A        4       0
                text34                             1D02     1D02       24        4       0
                text33                             1892     1892       6C        4       0
                text32                             1D26     1D26       22        4       0
                text31                               12       12      42A        4       0
                text30                              FA0      FA0      106        4       0
                text29                              7D0      7D0      1B4        4       0
                text28                              E7E      E7E      122        4       0
                text27                             181C     181C       76        4       0
                text26                             17A6     17A6       76        4       0
                text25                              984      984      156        4       0
                text24                             1C2E     1C2E       38        4       0
                intcode_body                       1490     1490       B6        4       0
                text22                             10A6     10A6       DC        4       0
                text21                             1A6E     1A6E       46        4       0
                text20                             1A22     1A22       4C        4       0
                text19                             13D6     13D6       BA        4       0
                text18                              ADA      ADA      14A        4       0
                text17                              C24      C24      132        4       0
                text16                             18FE     18FE       68        4       0
                text15                              D56      D56      128        4       0
                text14                             1BB4     1BB4       40        4       0
                text13                             1B74     1B74       40        4       0
                text12                             1B34     1B34       40        4       0
                text11                             19CC     19CC       56        4       0
                text10                             1730     1730       76        4       0
                text9                              1D48     1D48       1E        4       0
                text8                              1AF4     1AF4       40        4       0
                text7                              1546     1546       80        4       0
                text6                              1AB4     1AB4       40        4       0
                text5                              131A     131A       BC        4       0
                text4                              16BA     16BA       76        4       0
                text3                              1640     1640       7A        4       0
                text2                              15C6     15C6       7A        4       0
                text1                              1D8E     1D8E        A        4       0
                text0                               43C      43C      394        4       0
                cstackCOMRAM                          1        1       4D        1       1
                cstackBANK0                          B2       B2       1E       80       1
                dataBANK0                            80       80       32       80       1
                bssBANK0                             D0       D0        7       80       1
                dataCOMRAM                           4E       4E       12        1       1
                bssCOMRAM                            60       60       11        1       1
                cinit                              1966     1966       66        4       0
                idataBANK0                         1C9E     1C9E       32        4       0
                idataCOMRAM                        1D7C     1D7C       12        4       0

TOTAL           Name                               Link     Load   Length     Space
        CLASS   CODE           
                intcode                               8        8        6         0
                init                                  E        E        4         0
                reset_vec                             0        0        4         0
                text42                             1D9E     1D9E        4         0
                text41                             1D66     1D66       16         0
                text40                             1CD0     1CD0       32         0
                text39                             1D98     1D98        6         0
                text38                             1C66     1C66       38         0
                text37                             125A     125A       C0         0
                text36                             1182     1182       D8         0
                text35                             1BF4     1BF4       3A         0
                text34                             1D02     1D02       24         0
                text33                             1892     1892       6C         0
                text32                             1D26     1D26       22         0
                text31                               12       12      42A         0
                text30                              FA0      FA0      106         0
                text29                              7D0      7D0      1B4         0
                text28                              E7E      E7E      122         0
                text27                             181C     181C       76         0
                text26                             17A6     17A6       76         0
                text25                              984      984      156         0
                text24                             1C2E     1C2E       38         0
                intcode_body                       1490     1490       B6         0
                text22                             10A6     10A6       DC         0
                text21                             1A6E     1A6E       46         0
                text20                             1A22     1A22       4C         0
                text19                             13D6     13D6       BA         0
                text18                              ADA      ADA      14A         0
                text17                              C24      C24      132         0
                text16                             18FE     18FE       68         0
                text15                              D56      D56      128         0
                text14                             1BB4     1BB4       40         0
                text13                             1B74     1B74       40         0
                text12                             1B34     1B34       40         0
                text11                             19CC     19CC       56         0
                text10                             1730     1730       76         0
                text9                              1D48     1D48       1E         0
                text8                              1AF4     1AF4       40         0
                text7                              1546     1546       80         0
                text6                              1AB4     1AB4       40         0
                text5                              131A     131A       BC         0
                text4                              16BA     16BA       76         0
                text3                              1640     1640       7A         0
                text2                              15C6     15C6       7A         0
                text1                              1D8E     1D8E        A         0
                text0                               43C      43C      394         0
                cinit                              1966     1966       66         0
                idataBANK0                         1C9E     1C9E       32         0
                idataCOMRAM                        1D7C     1D7C       12         0

        CLASS   CONST          

        CLASS   SMALLCONST     

        CLASS   MEDIUMCONST    

        CLASS   COMRAM         
                temp                                 71       71        1         1
                cstackCOMRAM                          1        1       4D         1
                dataCOMRAM                           4E       4E       12         1
                bssCOMRAM                            60       60       11         1

        CLASS   ABS1           

        CLASS   BIGRAM         

        CLASS   RAM            

        CLASS   BANK0          
                cstackBANK0                          B2       B2       1E         1
                dataBANK0                            80       80       32         1
                bssBANK0                             D0       D0        7         1

        CLASS   BANK1          

        CLASS   BANK2          

        CLASS   BANK3          

        CLASS   BANK4          

        CLASS   BANK5          

        CLASS   BANK6          

        CLASS   BANK7          

        CLASS   BANK8          

        CLASS   BANK9          

        CLASS   BANK10         

        CLASS   BANK11         

        CLASS   BANK12         

        CLASS   BANK13         

        CLASS   BANK14         

        CLASS   BANK15         

        CLASS   SFR            

        CLASS   BIGSFR         

        CLASS   CONFIG         
                config                           300000   300000        E         4

        CLASS   IDLOC          
                idloc                            200000   200000        8         5

        CLASS   EEDATA         

        CLASS   FARRAM         

        CLASS   HEAP           

        CLASS   STACK          



SEGMENTS        Name                           Load    Length   Top    Selector   Space  Class

                reset_vec                      000000  000004  000004         0       0  CODE    
                cstackCOMRAM                   000001  000071  000072         1       1  COMRAM  
                intcode                        000008  001D9A  001DA2         4       0  CODE    
                dataBANK0                      000080  000057  0000D7        80       1  BANK0   


UNUSED ADDRESS RANGES

        Name                Unused          Largest block    Delta
        BANK0            0000D7-0000FF               29
        BANK1            000100-0001FF              100
        BANK10           000A00-000AFF              100
        BANK11           000B00-000BFF              100
        BANK12           000C00-000CFF              100
        BANK13           000D00-000DFF              100
        BANK14           000E00-000EFF              100
        BANK15           000F00-000F7F               80
        BANK2            000200-0002FF              100
        BANK3            000300-0003FF              100
        BANK4            000400-0004FF              100
        BANK5            000500-0005FF              100
        BANK6            000600-0006FF              100
        BANK7            000700-0007FF              100
        BANK8            000800-0008FF              100
        BANK9            000900-0009FF              100
        BIGRAM           000072-00007F                E
                         0000D7-000F7F              EA9
        BIGSFR           000F80-000FFF               80
        CODE             000004-000007                4
                         001DA2-00FFFF             E25E
        COMRAM           000072-00007F                E
        CONST            000004-000007                4
                         001DA2-00FFFF             E25E
        EEDATA           F00000-F003FF              400
        MEDIUMCONST      001DA2-00FFFF             E25E
        RAM              0000D7-000F7F              100
        SFR              000F80-000FFF               80
        SMALLCONST       001DA2-00FFFF              100

                                  Symbol Table

?_GetResultFromTheADC                             cstackCOMRAM 000011
?___flmul                                         cstackCOMRAM 000023
?___fltol                                         cstackCOMRAM 00003C
?___xxtofl                                        cstackCOMRAM 000015
ADC_GetResultConversion@_adc                      cstackCOMRAM 000001
ADC_GetResultConversion@conversion_result         cstackCOMRAM 000003
ADC_GetResultConversion@ret                       cstackCOMRAM 00000A
ADC_GetResultConversionBlocking@Channel           cstackCOMRAM 00000D
ADC_GetResultConversionBlocking@_adc              cstackCOMRAM 00000B
ADC_GetResultConversionBlocking@conversion_result cstackCOMRAM 00000E
ADC_GetResultConversionBlocking@ret               cstackCOMRAM 000010
ADC_Init@_adc                                     cstackBANK0  0000B5
ADC_SelectChannel@Channel                         cstackCOMRAM 000006
ADC_SelectChannel@_adc                            cstackCOMRAM 000004
ADC_SelectChannel@ret                             cstackCOMRAM 000008
ADC_StartConversion@_adc                          cstackCOMRAM 000001
ADC_StartConversion@ret                           cstackCOMRAM 000003
GetResultFromTheADC@u16LOC_ResultConversion       cstackCOMRAM 000013
SPI_Init@_spi_obj                                 cstackBANK0  0000CB
SPI_Select_mode_and_pin_initialize@F3106          dataBANK0    00009C
SPI_Select_mode_and_pin_initialize@F3108          dataBANK0    00009B
SPI_Select_mode_and_pin_initialize@F3110          dataBANK0    00009A
SPI_Select_mode_and_pin_initialize@F3112          dataBANK0    000099
SPI_Select_mode_and_pin_initialize@F3114          dataBANK0    000098
SPI_Select_mode_and_pin_initialize@F3116          dataBANK0    000097
SPI_Select_mode_and_pin_initialize@F3118          dataBANK0    000096
SPI_Select_mode_and_pin_initialize@M_CLOCK        cstackBANK0  0000C6
SPI_Select_mode_and_pin_initialize@M_MISO         cstackBANK0  0000C5
SPI_Select_mode_and_pin_initialize@M_MOSI         cstackBANK0  0000C4
SPI_Select_mode_and_pin_initialize@SS             cstackBANK0  0000CA
SPI_Select_mode_and_pin_initialize@S_CLOCK        cstackBANK0  0000C9
SPI_Select_mode_and_pin_initialize@S_MISO         cstackBANK0  0000C8
SPI_Select_mode_and_pin_initialize@S_MOSI         cstackBANK0  0000C7
SPI_Select_mode_and_pin_initialize@_spi_obj       cstackBANK0  0000C0
SPI_Select_mode_and_pin_initialize@ret            cstackBANK0  0000C3
SPI_Select_the_Sampling_receiving@_spi_obj        cstackBANK0  0000B2
SPI_Select_the_clock_phase@_spi_obj               cstackBANK0  0000B2
SPI_Select_the_clock_polarity@_spi_obj            cstackBANK0  0000B2
SPI_configure_the_interrupt@_spi_obj              cstackBANK0  0000B2
Timer1_DeInit@_timer                              cstackBANK0  0000B2
Timer1_Init@_timer                                cstackBANK0  0000B4
_ADCON0bits                                       (abs)        000FC2
_ADCON1bits                                       (abs)        000FC1
_ADCON2bits                                       (abs)        000FC0
_ADC_GetResultConversion                          text37       00125A
_ADC_GetResultConversionBlocking                  text33       001892
_ADC_ISR                                          text42       001D9E
_ADC_Init                                         text19       0013D6
_ADC_Obj                                          dataBANK0    00009D
_ADC_SelectChannel                                text35       001BF4
_ADC_StartConversion                              text34       001D02
_ADC_interruptHandler                             bssBANK0     0000D2
_ADRESH                                           (abs)        000FC4
_ADRESL                                           (abs)        000FC3
_AIR_COND_Led                                     dataBANK0    0000AC
_GetResultFromTheADC                              text32       001D26
_HandelerSPI                                      bssBANK0     0000D0
_INTCONbits                                       (abs)        000FF2
_LATA                                             (abs)        000F89
_LATB                                             (abs)        000F8A
_LATC                                             (abs)        000F8B
_LATD                                             (abs)        000F8C
_LATE                                             (abs)        000F8D
_PIE1bits                                         (abs)        000F9D
_PIR1bits                                         (abs)        000F9E
_PORTA                                            (abs)        000F80
_PORTB                                            (abs)        000F81
_PORTC                                            (abs)        000F82
_PORTD                                            (abs)        000F83
_PORTE                                            (abs)        000F84
_Room1_Led                                        dataBANK0    0000B1
_Room2_Led                                        dataBANK0    0000B0
_Room3_Led                                        dataBANK0    0000AF
_Room4_Led                                        dataBANK0    0000AE
_SPIObject                                        dataBANK0    0000A8
_SPI_ISR                                          text40       001CD0
_SPI_Init                                         text10       001730
_SPI_InterrutHandler                              text41       001D66
_SPI_Select_mode_and_pin_initialize               text15       000D56
_SPI_Select_the_Sampling_receiving                text14       001BB4
_SPI_Select_the_clock_phase                       text13       001B74
_SPI_Select_the_clock_polarity                    text12       001B34
_SPI_configure_the_interrupt                      text11       0019CC
_SSPBUF                                           (abs)        000FC9
_SSPCON1bits                                      (abs)        000FC6
_SSPSTATbits                                      (abs)        000FC7
_T0CONbits                                        (abs)        000FD5
_T1CONbits                                        (abs)        000FCD
_TIMER0_ISR                                       text38       001C66
_TIMER0_interruptHandler                          bssCOMRAM    00006C
_TIMER1_ISR                                       text24       001C2E
_TIMER1_interruptHandler                          bssCOMRAM    000068
_TMR0H                                            (abs)        000FD7
_TMR0L                                            (abs)        000FD6
_TMR1H                                            (abs)        000FCF
_TMR1L                                            (abs)        000FCE
_TRISA                                            (abs)        000F92
_TRISB                                            (abs)        000F93
_TRISC                                            (abs)        000F94
_TRISD                                            (abs)        000F95
_TRISE                                            (abs)        000F96
_TV_Led                                           dataBANK0    0000AD
_Timer0Interrupt                                  text39       001D98
_Timer1Handler                                    text25       000984
_Timer1Obj                                        dataBANK0    0000A3
_Timer1_DeInit                                    text9        001D48
_Timer1_Init                                      text5        00131A
_TimerDelay                                       dataCOMRAM   00005A
__HRAM                                            (abs)        000000
__Habs1                                           abs1         000000
__Hbank0                                          bank0        000000
__Hbank1                                          bank1        000000
__Hbank10                                         bank10       000000
__Hbank11                                         bank11       000000
__Hbank12                                         bank12       000000
__Hbank13                                         bank13       000000
__Hbank14                                         bank14       000000
__Hbank15                                         bank15       000000
__Hbank2                                          bank2        000000
__Hbank3                                          bank3        000000
__Hbank4                                          bank4        000000
__Hbank5                                          bank5        000000
__Hbank6                                          bank6        000000
__Hbank7                                          bank7        000000
__Hbank8                                          bank8        000000
__Hbank9                                          bank9        000000
__Hbigbss                                         bigbss       000000
__Hbigdata                                        bigdata      000000
__Hbigram                                         bigram       000000
__Hbigsfr                                         bigsfr       000000
__Hbss                                            bss          000000
__HbssBANK0                                       bssBANK0     000000
__HbssCOMRAM                                      bssCOMRAM    000000
__Hcinit                                          cinit        000000
__Hclrtext                                        clrtext      000000
__Hcomram                                         comram       000000
__Hconfig                                         config       30000E
__Hconst                                          const        000000
__HcstackBANK0                                    cstackBANK0  000000
__HcstackCOMRAM                                   cstackCOMRAM 000000
__Hdata                                           data         000000
__HdataBANK0                                      dataBANK0    000000
__HdataCOMRAM                                     dataCOMRAM   000000
__Heeprom_data                                    eeprom_data  000000
__Hfarbss                                         farbss       000000
__Hfardata                                        fardata      000000
__Hheap                                           heap         000000
__Hibigdata                                       ibigdata     000000
__Hidata                                          idata        000000
__HidataBANK0                                     idataBANK0   000000
__HidataCOMRAM                                    idataCOMRAM  000000
__Hidloc                                          idloc        200008
__Hifardata                                       ifardata     000000
__Hinit                                           init         000012
__Hintcode                                        intcode      00000E
__Hintcode_body                                   intcode_body 000000
__Hintcodelo                                      intcodelo    00000E
__Hintentry                                       intentry     000000
__Hintret                                         intret       000000
__Hintsave_regs                                   intsave_regs 000000
__Hirdata                                         irdata       000000
__Hmediumconst                                    mediumconst  000000
__HnvFARRAM                                       nvFARRAM     000000
__Hnvbit                                          nvbit        000000
__Hnvrram                                         nvrram       000000
__Hparam                                          rparam       000000
__Hpowerup                                        powerup      00000E
__Hram                                            ram          000000
__Hramtop                                         ramtop       001000
__Hrbit                                           rbit         000000
__Hrbss                                           rbss         000000
__Hrdata                                          rdata        000000
__Hreset_vec                                      reset_vec    000004
__Hrparam                                         rparam       000000
__Hsfr                                            sfr          000000
__Hsmallconst                                     smallconst   000000
__Hspace_0                                        (abs)        001DA2
__Hspace_1                                        (abs)        0000D7
__Hspace_2                                        (abs)        000000
__Hspace_4                                        (abs)        60000E
__Hstack                                          stack        000000
__Hstruct                                         struct       000000
__Htemp                                           temp         000072
__Htext                                           text         000000
__Htext0                                          text0        000000
__Htext1                                          text1        000000
__Htext10                                         text10       000000
__Htext11                                         text11       000000
__Htext12                                         text12       000000
__Htext13                                         text13       000000
__Htext14                                         text14       000000
__Htext15                                         text15       000000
__Htext16                                         text16       000000
__Htext17                                         text17       000000
__Htext18                                         text18       000000
__Htext19                                         text19       000000
__Htext2                                          text2        000000
__Htext20                                         text20       000000
__Htext21                                         text21       000000
__Htext22                                         text22       000000
__Htext24                                         text24       000000
__Htext25                                         text25       000000
__Htext26                                         text26       000000
__Htext27                                         text27       000000
__Htext28                                         text28       000000
__Htext29                                         text29       000000
__Htext3                                          text3        000000
__Htext30                                         text30       000000
__Htext31                                         text31       000000
__Htext32                                         text32       000000
__Htext33                                         text33       000000
__Htext34                                         text34       000000
__Htext35                                         text35       000000
__Htext36                                         text36       000000
__Htext37                                         text37       000000
__Htext38                                         text38       000000
__Htext39                                         text39       000000
__Htext4                                          text4        000000
__Htext40                                         text40       000000
__Htext41                                         text41       000000
__Htext42                                         text42       000000
__Htext43                                         text43       000000
__Htext5                                          text5        000000
__Htext6                                          text6        000000
__Htext7                                          text7        000000
__Htext8                                          text8        000000
__Htext9                                          text9        000000
__LRAM                                            (abs)        000001
__Labs1                                           abs1         000000
__Lbank0                                          bank0        000000
__Lbank1                                          bank1        000000
__Lbank10                                         bank10       000000
__Lbank11                                         bank11       000000
__Lbank12                                         bank12       000000
__Lbank13                                         bank13       000000
__Lbank14                                         bank14       000000
__Lbank15                                         bank15       000000
__Lbank2                                          bank2        000000
__Lbank3                                          bank3        000000
__Lbank4                                          bank4        000000
__Lbank5                                          bank5        000000
__Lbank6                                          bank6        000000
__Lbank7                                          bank7        000000
__Lbank8                                          bank8        000000
__Lbank9                                          bank9        000000
__Lbigbss                                         bigbss       000000
__Lbigdata                                        bigdata      000000
__Lbigram                                         bigram       000000
__Lbigsfr                                         bigsfr       000000
__Lbss                                            bss          000000
__LbssBANK0                                       bssBANK0     000000
__LbssCOMRAM                                      bssCOMRAM    000000
__Lcinit                                          cinit        000000
__Lclrtext                                        clrtext      000000
__Lcomram                                         comram       000000
__Lconfig                                         config       000000
__Lconst                                          const        000000
__LcstackBANK0                                    cstackBANK0  000000
__LcstackCOMRAM                                   cstackCOMRAM 000000
__Ldata                                           data         000000
__LdataBANK0                                      dataBANK0    000000
__LdataCOMRAM                                     dataCOMRAM   000000
__Leeprom_data                                    eeprom_data  000000
__Lfarbss                                         farbss       000000
__Lfardata                                        fardata      000000
__Lheap                                           heap         000000
__Libigdata                                       ibigdata     000000
__Lidata                                          idata        000000
__LidataBANK0                                     idataBANK0   000000
__LidataCOMRAM                                    idataCOMRAM  000000
__Lidloc                                          idloc        000000
__Lifardata                                       ifardata     000000
__Linit                                           init         00000E
__Lintcode                                        intcode      000008
__Lintcode_body                                   intcode_body 000000
__Lintcodelo                                      intcodelo    00000E
__Lintentry                                       intentry     000000
__Lintret                                         intret       000000
__Lintsave_regs                                   intsave_regs 000000
__Lirdata                                         irdata       000000
__Lmediumconst                                    mediumconst  000000
__LnvFARRAM                                       nvFARRAM     000000
__Lnvbit                                          nvbit        000000
__Lnvrram                                         nvrram       000000
__Lparam                                          rparam       000000
__Lpowerup                                        powerup      00000E
__Lram                                            ram          000000
__Lramtop                                         ramtop       001000
__Lrbit                                           rbit         000000
__Lrbss                                           rbss         000000
__Lrdata                                          rdata        000000
__Lreset_vec                                      reset_vec    000000
__Lrparam                                         rparam       000000
__Lsfr                                            sfr          000000
__Lsmallconst                                     smallconst   000000
__Lspace_0                                        (abs)        000000
__Lspace_1                                        (abs)        000000
__Lspace_2                                        (abs)        000000
__Lspace_4                                        (abs)        000000
__Lstack                                          stack        000000
__Lstruct                                         struct       000000
__Ltemp                                           temp         000071
__Ltext                                           text         000000
__Ltext0                                          text0        000000
__Ltext1                                          text1        000000
__Ltext10                                         text10       000000
__Ltext11                                         text11       000000
__Ltext12                                         text12       000000
__Ltext13                                         text13       000000
__Ltext14                                         text14       000000
__Ltext15                                         text15       000000
__Ltext16                                         text16       000000
__Ltext17                                         text17       000000
__Ltext18                                         text18       000000
__Ltext19                                         text19       000000
__Ltext2                                          text2        000000
__Ltext20                                         text20       000000
__Ltext21                                         text21       000000
__Ltext22                                         text22       000000
__Ltext24                                         text24       000000
__Ltext25                                         text25       000000
__Ltext26                                         text26       000000
__Ltext27                                         text27       000000
__Ltext28                                         text28       000000
__Ltext29                                         text29       000000
__Ltext3                                          text3        000000
__Ltext30                                         text30       000000
__Ltext31                                         text31       000000
__Ltext32                                         text32       000000
__Ltext33                                         text33       000000
__Ltext34                                         text34       000000
__Ltext35                                         text35       000000
__Ltext36                                         text36       000000
__Ltext37                                         text37       000000
__Ltext38                                         text38       000000
__Ltext39                                         text39       000000
__Ltext4                                          text4        000000
__Ltext40                                         text40       000000
__Ltext41                                         text41       000000
__Ltext42                                         text42       000000
__Ltext43                                         text43       000000
__Ltext5                                          text5        000000
__Ltext6                                          text6        000000
__Ltext7                                          text7        000000
__Ltext8                                          text8        000000
__Ltext9                                          text9        000000
__S0                                              (abs)        001DA2
__S1                                              (abs)        0000D7
__S4                                              (abs)        000000
__S5                                              (abs)        000000
___flmul                                          text31       000012
___flmul@a                                        cstackCOMRAM 000027
___flmul@aexp                                     cstackCOMRAM 000034
___flmul@b                                        cstackCOMRAM 000023
___flmul@bexp                                     cstackCOMRAM 000035
___flmul@grs                                      cstackCOMRAM 000030
___flmul@prod                                     cstackCOMRAM 000036
___flmul@sign                                     cstackCOMRAM 00002F
___flmul@temp                                     cstackCOMRAM 00003A
___fltol                                          text30       000FA0
___fltol@exp1                                     cstackCOMRAM 000045
___fltol@f1                                       cstackCOMRAM 00003C
___fltol@sign1                                    cstackCOMRAM 000044
___heap_hi                                        (abs)        000000
___heap_lo                                        (abs)        000000
___inthi_sp                                       stack        000000
___intlo_sp                                       stack        000000
___param_bank                                     (abs)        000000
___rparam_used                                    (abs)        000001
___sp                                             stack        000000
___xxtofl                                         text29       0007D0
___xxtofl@arg                                     cstackCOMRAM 00001F
___xxtofl@exp                                     cstackCOMRAM 00001E
___xxtofl@sign                                    cstackCOMRAM 00001D
___xxtofl@val                                     cstackCOMRAM 000015
__accesstop                                       (abs)        000080
__activetblptr                                    (abs)        000002
__end_of_ADC_GetResultConversion                  text37       00131A
__end_of_ADC_GetResultConversionBlocking          text33       0018FE
__end_of_ADC_ISR                                  text42       001DA2
__end_of_ADC_Init                                 text19       001490
__end_of_ADC_SelectChannel                        text35       001C2E
__end_of_ADC_StartConversion                      text34       001D26
__end_of_GetResultFromTheADC                      text32       001D48
__end_of_SPI_ISR                                  text40       001D02
__end_of_SPI_Init                                 text10       0017A6
__end_of_SPI_InterrutHandler                      text41       001D7C
__end_of_SPI_Select_mode_and_pin_initialize       text15       000E7E
__end_of_SPI_Select_the_Sampling_receiving        text14       001BF4
__end_of_SPI_Select_the_clock_phase               text13       001BB4
__end_of_SPI_Select_the_clock_polarity            text12       001B74
__end_of_SPI_configure_the_interrupt              text11       001A22
__end_of_TIMER0_ISR                               text38       001C9E
__end_of_TIMER1_ISR                               text24       001C66
__end_of_Timer0Interrupt                          text39       001D9E
__end_of_Timer1Handler                            text25       000ADA
__end_of_Timer1_DeInit                            text9        001D66
__end_of_Timer1_Init                              text5        0013D6
__end_of___flmul                                  text31       00043C
__end_of___fltol                                  text30       0010A6
__end_of___xxtofl                                 text29       000984
__end_of__initialization                          cinit        0019BE
__end_of_adc_input_channel_port_select            text22       001182
__end_of_adc_selectTheResultFormat                text21       001AB4
__end_of_adc_select_voltageRefernce               text20       001A6E
__end_of_gpio_Pin_Derction_Intialize              text18       000C24
__end_of_gpio_Pin_Intialize                       text16       001966
__end_of_gpio_Pin_Write_Logic                     text17       000D56
__end_of_interruptManager                         intcode_body 001546
__end_of_led_initialize                           text4        001730
__end_of_led_turn_off                             text3        0016BA
__end_of_led_turn_on                              text2        001640
__end_of_main                                     text0        0007D0
__end_of_timer1_oscillator_enable                 text8        001B34
__end_of_timer1_select_mode_timer_or_counter      text7        0015C6
__end_of_timer1_select_reg_mode                   text6        001AF4
__end_of_u8SPITranmitRecieve                      text1        001D98
__end_ofi2_adc_input_channel_port_select          text36       00125A
__end_ofi2_gpio_Pin_Write_Logic                   text28       000FA0
__end_ofi2_led_turn_off                           text27       001892
__end_ofi2_led_turn_on                            text26       00181C
__initialization                                  cinit        001966
__mediumconst                                     mediumconst  000000
__pbssBANK0                                       bssBANK0     0000D0
__pbssCOMRAM                                      bssCOMRAM    000060
__pcinit                                          cinit        001966
__pcstackBANK0                                    cstackBANK0  0000B2
__pcstackCOMRAM                                   cstackCOMRAM 000001
__pdataBANK0                                      dataBANK0    000080
__pdataCOMRAM                                     dataCOMRAM   00004E
__pidataBANK0                                     idataBANK0   001C9E
__pidataCOMRAM                                    idataCOMRAM  001D7C
__pintcode                                        intcode      000008
__pintcode_body                                   intcode_body 001490
__ptext0                                          text0        00043C
__ptext1                                          text1        001D8E
__ptext10                                         text10       001730
__ptext11                                         text11       0019CC
__ptext12                                         text12       001B34
__ptext13                                         text13       001B74
__ptext14                                         text14       001BB4
__ptext15                                         text15       000D56
__ptext16                                         text16       0018FE
__ptext17                                         text17       000C24
__ptext18                                         text18       000ADA
__ptext19                                         text19       0013D6
__ptext2                                          text2        0015C6
__ptext20                                         text20       001A22
__ptext21                                         text21       001A6E
__ptext22                                         text22       0010A6
__ptext24                                         text24       001C2E
__ptext25                                         text25       000984
__ptext26                                         text26       0017A6
__ptext27                                         text27       00181C
__ptext28                                         text28       000E7E
__ptext29                                         text29       0007D0
__ptext3                                          text3        001640
__ptext30                                         text30       000FA0
__ptext31                                         text31       000012
__ptext32                                         text32       001D26
__ptext33                                         text33       001892
__ptext34                                         text34       001D02
__ptext35                                         text35       001BF4
__ptext36                                         text36       001182
__ptext37                                         text37       00125A
__ptext38                                         text38       001C66
__ptext39                                         text39       001D98
__ptext4                                          text4        0016BA
__ptext40                                         text40       001CD0
__ptext41                                         text41       001D66
__ptext42                                         text42       001D9E
__ptext43                                         text43       000000
__ptext5                                          text5        00131A
__ptext6                                          text6        001AB4
__ptext7                                          text7        001546
__ptext8                                          text8        001AF4
__ptext9                                          text9        001D48
__ramtop                                          ramtop       001000
__smallconst                                      smallconst   000000
_adc_input_channel_port_select                    text22       0010A6
_adc_selectTheResultFormat                        text21       001A6E
_adc_select_voltageRefernce                       text20       001A22
_gpio_Pin_Derction_Intialize                      text18       000ADA
_gpio_Pin_Intialize                               text16       0018FE
_gpio_Pin_Write_Logic                             text17       000C24
_interruptManager                                 intcode      000008
_lat_registers                                    dataBANK0    000080
_led_initialize                                   text4        0016BA
_led_turn_off                                     text3        001640
_led_turn_on                                      text2        0015C6
_main                                             text0        00043C
_port_registers                                   dataCOMRAM   00004E
_preload_timer                                    bssCOMRAM    00006A
_preload_timer1                                   bssCOMRAM    000066
_timer1_oscillator_enable                         text8        001AF4
_timer1_select_mode_timer_or_counter              text7        001546
_timer1_select_reg_mode                           text6        001AB4
_tris_registers                                   dataBANK0    00008A
_u16DelayCounter                                  bssCOMRAM    00006E
_u16LastValueAirCondtioning                       bssCOMRAM    000060
_u16ReadingCounter                                bssCOMRAM    000064
_u16RequiredTemperature                           dataCOMRAM   000058
_u16TempSensorReading                             bssCOMRAM    000062
_u8Request                                        dataBANK0    000095
_u8Response                                       dataBANK0    000094
_u8SPITranmitRecieve                              text1        001D8E
adc_input_channel_port_select@Channel             cstackBANK0  0000B4
adc_selectTheResultFormat@_adc                    cstackBANK0  0000B2
adc_select_voltageRefernce@_adc                   cstackBANK0  0000B2
btemp                                             temp         000071
end_of_initialization                             cinit        0019BE
gpio_Pin_Derction_Intialize@pin_config            cstackBANK0  0000B2
gpio_Pin_Derction_Intialize@ret                   cstackBANK0  0000BA
gpio_Pin_Intialize@pin_config                     cstackBANK0  0000BC
gpio_Pin_Intialize@ret                            cstackBANK0  0000BF
gpio_Pin_Write_Logic@logic                        cstackBANK0  0000B4
gpio_Pin_Write_Logic@pin_config                   cstackBANK0  0000B2
gpio_Pin_Write_Logic@ret                          cstackBANK0  0000BB
i2_adc_input_channel_port_select                  text36       001182
i2_gpio_Pin_Write_Logic                           text28       000E7E
i2_led_turn_off                                   text27       00181C
i2_led_turn_on                                    text26       0017A6
i2adc_input_channel_port_select@Channel           cstackCOMRAM 000003
i2gpio_Pin_Write_Logic@logic                      cstackCOMRAM 000003
i2gpio_Pin_Write_Logic@pin_config                 cstackCOMRAM 000001
i2led_turn_off@led                                cstackCOMRAM 00000A
i2led_turn_off@pin_config                         cstackCOMRAM 00000D
i2led_turn_on@led                                 cstackCOMRAM 00000A
i2led_turn_on@pin_config                          cstackCOMRAM 00000D
int$flags                                         temp         000071
int_func                                          intcode_body 001490
intlevel0                                         text         000000
intlevel1                                         text         000000
intlevel2                                         text         000000
intlevel3                                         text         000000
isa$std                                           (abs)        000001
isa$xinst                                         (abs)        000000
led_initialize@F3047                              bssBANK0     0000D6
led_initialize@led                                cstackBANK0  0000C0
led_initialize@pin_config                         cstackBANK0  0000C3
led_turn_off@F3057                                bssBANK0     0000D4
led_turn_off@led                                  cstackBANK0  0000BC
led_turn_off@pin_config                           cstackBANK0  0000BF
led_turn_on@F3052                                 bssBANK0     0000D5
led_turn_on@led                                   cstackBANK0  0000BC
led_turn_on@pin_config                            cstackBANK0  0000BF
led_turn_toggle@F3062                             bssCOMRAM    000070
stackhi                                           (abs)        000000
stacklo                                           (abs)        000000
start                                             init         00000E
start_initialization                              cinit        001966
timer1_oscillator_enable@_timer                   cstackBANK0  0000B2
timer1_select_mode_timer_or_counter@_timer        cstackBANK0  0000B2
timer1_select_reg_mode@_timer                     cstackBANK0  0000B2
ttemp5                                            temp         000072
ttemp6                                            temp         000075
ttemp7                                            temp         000079
u8SPITranmitRecieve@u8Data                        cstackBANK0  0000B2
wtemp8                                            temp         000072


MODULE INFORMATION

Module		Function		Class		Link	Load	Size
C:\Program Files\Microchip\xc8\v2.40\pic\sources\c99\common\sprcmul.c
		___flmul       		CODE           	0012	0000	1066

C:\Program Files\Microchip\xc8\v2.40\pic\sources\c99\common\sprcmul.c estimated size: 1066

MCAL_LAYER/TIMER1/hal_timer1.c
		_TIMER1_ISR    		CODE           	1C2E	0000	56
		_timer1_select_reg_mode		CODE           	1AB4	0000	64
		_Timer1_Init   		CODE           	131A	0000	188
		_Timer1_DeInit 		CODE           	1D48	0000	30
		_timer1_oscillator_enable		CODE           	1AF4	0000	64
		_timer1_select_mode_timer_or_counter		CODE           	1546	0000	128

MCAL_LAYER/TIMER1/hal_timer1.c estimated size: 530

MCAL_LAYER/TIMER0/hal_timer0.c
		_TIMER0_ISR    		CODE           	1C66	0000	56

MCAL_LAYER/TIMER0/hal_timer0.c estimated size: 56

C:\Program Files\Microchip\xc8\v2.40\pic\sources\c99\common\fltol.c
		___fltol       		CODE           	0FA0	0000	262

C:\Program Files\Microchip\xc8\v2.40\pic\sources\c99\common\fltol.c estimated size: 262

MCAL_LAYER/ADC/hal_adc.c
		_ADC_GetResultConversion		CODE           	125A	0000	192
		_adc_input_channel_port_select		CODE           	10A6	0000	220
		_adc_selectTheResultFormat		CODE           	1A6E	0000	70
		_ADC_StartConversion		CODE           	1D02	0000	36
		_ADC_ISR       		CODE           	1D9E	0000	4
		_adc_select_voltageRefernce		CODE           	1A22	0000	76
		_ADC_SelectChannel		CODE           	1BF4	0000	58
		_ADC_GetResultConversionBlocking		CODE           	1892	0000	108
		_ADC_Init      		CODE           	13D6	0000	186

MCAL_LAYER/ADC/hal_adc.c estimated size: 950

MCAL_LAYER/GPIO/hal_gpio.c
		_gpio_Pin_Write_Logic		CODE           	0C24	0000	306
		_gpio_Pin_Intialize		CODE           	18FE	0000	104
		_gpio_Pin_Derction_Intialize		CODE           	0ADA	0000	330

MCAL_LAYER/GPIO/hal_gpio.c estimated size: 740

ECU_LAYER/led/ecu_led.c
		_led_initialize		CODE           	16BA	0000	118
		_led_turn_on   		CODE           	15C6	0000	122
		_led_turn_off  		CODE           	1640	0000	122

ECU_LAYER/led/ecu_led.c estimated size: 362

C:\Program Files\Microchip\xc8\v2.40\pic\sources\c99\common\xxtofl.c
		___xxtofl      		CODE           	07D0	0000	436

C:\Program Files\Microchip\xc8\v2.40\pic\sources\c99\common\xxtofl.c estimated size: 436

shared
		i2_adc_input_channel_port_select		CODE           	1182	0000	216
		__initialization		CODE           	1966	0000	88
		i2_led_turn_on 		CODE           	17A6	0000	118
		i2_gpio_Pin_Write_Logic		CODE           	0E7E	0000	290
		i2_led_turn_off		CODE           	181C	0000	118

shared estimated size: 830

MCAL_LAYER/interrupt/mcal_interrupt_manager.c
		_interruptManager		CODE           	0008	0000	188

MCAL_LAYER/interrupt/mcal_interrupt_manager.c estimated size: 188

application.c
		_main          		CODE           	043C	0000	916
		_SPI_InterrutHandler		CODE           	1D66	0000	22
		_GetResultFromTheADC		CODE           	1D26	0000	34
		_Timer1Handler 		CODE           	0984	0000	342

application.c estimated size: 1314

MCAL_LAYER/SPI/hal_spi.c
		_SPI_configure_the_interrupt		CODE           	19CC	0000	86
		_SPI_ISR       		CODE           	1CD0	0000	50
		_SPI_Init      		CODE           	1730	0000	118
		_SPI_Select_the_clock_polarity		CODE           	1B34	0000	64
		_SPI_Select_the_clock_phase		CODE           	1B74	0000	64
		_SPI_Select_the_Sampling_receiving		CODE           	1BB4	0000	64
		_SPI_Select_mode_and_pin_initialize		CODE           	0D56	0000	296
		_u8SPITranmitRecieve		CODE           	1D8E	0000	10

MCAL_LAYER/SPI/hal_spi.c estimated size: 752

MCAL_LAYER/Delay/M_Delay.c
		_Timer0Interrupt		CODE           	1D98	0000	6

MCAL_LAYER/Delay/M_Delay.c estimated size: 6

